MPLINK 5.09, LINKER
Linker Map File - Created Wed Oct 14 18:03:12 2020

                                 Section Info
                  Section       Type    Address   Location Size(Bytes)
                ---------  ---------  ---------  ---------  ---------
                 RES_VECT       code   0x000000    program   0x000002
                   .cinit    romdata   0x000001    program   0x000004
                MAIN_PROG       code   0x000003    program   0x000032
.config_2007_BUILD/DEFAULT/PRODUCTION/PRUEB1.       code   0x002007    program   0x000002



                              Program Memory Usage 
                               Start         End      
                           ---------   ---------      
                            0x000000    0x00001b      
                            0x002007    0x002007      
            29 out of 2182 program addresses used, program memory utilization is 1%



                              Symbols - Sorted by Name
                     Name    Address   Location    Storage File                     
                ---------  ---------  ---------  --------- ---------                
                    START   0x000003    program     static C:\Users\yo\MPLABXProjects\prueba.X\prueb1.asm
          _MAIN_PROG_0013   0x000016    program     static C:\Users\yo\MPLABXProjects\prueba.X\prueb1.asm
                   inicio   0x00000a    program     static C:\Users\yo\MPLABXProjects\prueba.X\prueb1.asm
                    loopj   0x000011    program     static C:\Users\yo\MPLABXProjects\prueba.X\prueb1.asm
                    loopk   0x000013    program     static C:\Users\yo\MPLABXProjects\prueba.X\prueb1.asm
                      tmp   0x00000f    program     static C:\Users\yo\MPLABXProjects\prueba.X\prueb1.asm



                              Symbols - Sorted by Address
                     Name    Address   Location    Storage File                     
                ---------  ---------  ---------  --------- ---------                
                    START   0x000003    program     static C:\Users\yo\MPLABXProjects\prueba.X\prueb1.asm
                   inicio   0x00000a    program     static C:\Users\yo\MPLABXProjects\prueba.X\prueb1.asm
                      tmp   0x00000f    program     static C:\Users\yo\MPLABXProjects\prueba.X\prueb1.asm
                    loopj   0x000011    program     static C:\Users\yo\MPLABXProjects\prueba.X\prueb1.asm
                    loopk   0x000013    program     static C:\Users\yo\MPLABXProjects\prueba.X\prueb1.asm
          _MAIN_PROG_0013   0x000016    program     static C:\Users\yo\MPLABXProjects\prueba.X\prueb1.asm


